%!Adobe-FontList 1.19
%Locale:0x409

%BeginFont
Handler:DirectoryHandler
FontType:Type1
FontName:MinionPro-Regular
FamilyName:Minion Pro
StyleName:Regular
MenuName:Minion Pro
StyleBits:0
WeightClass:400
WidthClass:5
AngleClass:0
FullName:Minion Pro
WritingScript:Roman
OutlineFileName:\MinionPro-Regular.otf
DataFormat:sfntData
UsesStandardEncoding:yes
isCFF:yes
hasSVG:no
VariableFontType:NonVariableFont
FileLength:218640
FileModTime:1398771478
DesignSize:110
NameArray:0,Mac,4,Minion Pro
NameArray:0,Win,1,Minion Pro
%EndFont

%BeginFont
Handler:DirectoryHandler
FontType:Type1
FontName:Planer-DemiBold
FamilyName:Planer
StyleName:DemiBold
MenuName:Planer DemiBold
StyleBits:0
WeightClass:600
WidthClass:5
AngleClass:0
FullName:Planer DemiBold
WritingScript:Roman
OutlineFileName:\Planer-DemiBold.otf
DataFormat:sfntData
UsesStandardEncoding:yes
isCFF:yes
hasSVG:no
VariableFontType:NonVariableFont
FileLength:79512
FileModTime:1466674804
NameArray:0,Mac,4,Planer DemiBold
NameArray:0,Win,1,Planer DemiBold
NameArray:0,Win,16,Planer
%EndFont

%BeginFont
Handler:DirectoryHandler
FontType:Type1
FontName:Planer-Medium
FamilyName:Planer
StyleName:Medium
MenuName:Planer Medium
StyleBits:0
WeightClass:500
WidthClass:5
AngleClass:0
FullName:Planer Medium
WritingScript:Roman
OutlineFileName:\Planer-Medium.otf
DataFormat:sfntData
UsesStandardEncoding:yes
isCFF:yes
hasSVG:no
VariableFontType:NonVariableFont
FileLength:83704
FileModTime:1466674804
NameArray:0,Mac,4,Planer Medium
NameArray:0,Win,1,Planer Medium
NameArray:0,Win,16,Planer
%EndFont

